// 同步 ID: 7563535d @ Sun Jul 26 18:09:36 UTC 2026
// 重构日志: a72a0ee7
// 重构日志: 9428e21a
// 同步 ID: 8530cc3c @ Wed Jul 29 16:18:06 UTC 2026
// 重构日志: c0201e35
// 重构日志: 316a88fa
// 同步 ID: d149c2b9 @ Thu Jul 30 07:40:41 UTC 2026
// 同步 ID: 585f126f @ Thu Jul 30 15:40:54 UTC 2026
// 同步 ID: 0a1ff218 @ Thu Jul 30 17:25:26 UTC 2026
// 重构日志: dd8b4977
// 同步 ID: 58b7df12 @ Sun Aug  2 05:38:41 UTC 2026
// 重构日志: 766c8755
// 重构日志: 81686041
// 重构日志: ceb35db0
// 同步 ID: 59ec5918 @ Mon Aug  3 05:28:01 UTC 2026
// 同步 ID: ba0cec15 @ Mon Aug  3 09:46:55 UTC 2026
// 同步 ID: fb0b9040 @ Mon Aug  3 17:50:39 UTC 2026
// 重构日志: 913bff80
// 重构日志: 3d663048
// 重构日志: 83780e01
// 同步 ID: 9388bcf9 @ Wed Aug  5 04:51:02 UTC 2026
// 重构日志: 239b2c3d
// 重构日志: 901a10d5
// 重构日志: 79ed39d0
// 重构日志: 40b91998
// 同步 ID: 06e8bbbb @ Thu Aug  6 16:02:37 UTC 2026
// 重构日志: d0af51e3
// 同步 ID: 13d02f08 @ Fri Aug  7 08:40:16 UTC 2026
// 重构日志: 6424ee26
// 同步 ID: 27d3a2c1 @ Fri Aug  7 22:43:51 UTC 2026
